<!DOCTYPE html>
<html lang="en">
<head>
	<meta charset="UTF-8">
	<title>Golden</title>
	<link rel="stylesheet" href="css/mainold.css">
    <script src="js/js.js"></script>
</head>
<body>
<header>
	<div  class="container">
	<a href="#"><img src="img/logo.png" class="logo"></a>
	<nav>
		<ul class="menuList">
			<li><a href="#">Home</a></li>
			<li><a href="#">About</a></li>
			<li><a href="#">Portfolios</a></li>
			<li><a href="#">Team</a></li>
			<li><a href="#">Blog</a></li>
			<li><a href="#">Contact</a></li>
		</ul>
	</nav>
	</div>
</header>

<section class="sectionFirst">
	<div class="container">
	<h2>Grab Your Copy Of</h2>
	<h1>The <font>Premium</font> Quality<br>PSD Template For <font>free</font></h1>
	<div class="button"><a href="#">Download</a></div>
	</div>
</section>

<section class="sectionThwo">
	<h3>Know About Us</h3>
	<hr>
	<p>Nam liber tempor cum soluta nobis eleifend option congue nihil imperdiet doming id quod mazim </p>
</section>

<section class="sectionSecond">
	<div class="blockLeftRight clearfix">
		<div class="LeftFirst">
			<div class="containerContent crearfix">
					<h4>We Are the best</h4>
				<p>Consectetuer adipiscing elit, sed diam nonummy nibh euismod tincidunt ut laoreet dolore magna aliquam erat <br><br>
				Volutpat wisi enim ad minim veniam, quis nostrud exerci tation ullamcorper suscipit lobortis nisl ut aliquip ex ea commodo consequat. Duis autem vel eum iriure dolor in hendrerit in vulputate velit esse molestie consequat, vel illum dolore eu feugiat nulla facilisis at vero eros et accumsan et iusto odio dignissim qui blandit praesent luptatum zzril delenit augue duis dolore te feugait nulla facilisi. Nam liber tempor cum </p>
					<a href="#"><div class="buttom">Read more</div></a>
			</div>
		</div>
			<div class="RightFirst"></div>
	</div>
</section>

<section class="sectionThree">
	<div class="container"> 
	<h4>Services We provide</h4>
	<p>Volutpat wisi enim ad minim veniam, quis nostrud exerci tation ullamcorper suscipit lobortis nisl ut aliquip ex ea commodo 
consequat. Duis autem veleum iriure dolor in hendrerit in vulputate velit esse molestie consequat, vel illum dolore eu 
feugiat nulla facilisis at vero eros et accumsan et iusto odio dignissim qui blandit praesent  </p>
<div class="Blockbox">
	<div class="box">
		<img src="img/icon/1.png">
		<h5>ConsulTancy</h5>
		<p>Claritas est etiam processus dynaicus qui sequitur mutationem consuetudium lectorum. Mirum est notare quam </p>
	</div>
	<div class="box">
		<img src="img/icon/2.png">
		<h5>ConsulTancy</h5>
		<p>Claritas est etiam processus dynaicus qui sequitur mutationem consuetudium lectorum. Mirum est notare quam </p>
	</div>
	<div class="box">
		<img src="img/icon/3.png">
		<h5>ConsulTancy</h5>
		<p>Claritas est etiam processus dynaicus qui sequitur mutationem consuetudium lectorum. Mirum est notare quam </p>
	</div>
</div>
</div>
</section>

<section class="sectionFour">
	<div class="container">
		<h4>Our Skills</h4>
		<div class="circleBlock">
			<img src="img/single-skill copy 2.png">
			<h5>Marketing</h5>
		</div>
		<div class="circleBlock">
			<img src="img/single-skill copy 2.png">
			<h5>Reaserch</h5>
		</div>
		<div class="circleBlock">
			<img src="img/single-skill copy 2.png">
			<h5>Management</h5>
		</div>
		<div class="circleBlock">
			<img src="img/single-skill copy 2.png">
			<h5>Consultancy</h5>
		</div>
		<div class="circleBlock">
			<img src="img/single-skill copy 2.png">
			<h5>Promotion</h5>
		</div>
	</div>
</section>

<section class="sectionFifty">
	<div class="container">
	<h3>Some Recent Projects</h3>
	<hr>
	<p>Nam liber tempor cum soluta nobis eleifend option 
congue nihil imperdiet doming id quod mazim </p>
</div>
</section>

<section class="sectionSix">
	<div class="ImgBox">
		<img src="img/Rectangle56.png">
		<img src="img/Rectangle562.png">
		<img src="img/Rectangle563.png">
		<img src="img/Rectangle564.png">
	</div>
<div class="center ">
<h4>LATEST FROM TWITTER</h4>
<p>Trying out velositey - a simple website building extension for Photoshop.<br><br>
<font class="container"><a href="#">buff.ly/NC8gog</a></font></p>
</div>

<div class="ImgBox">
	<img src="img/Rectangle56.png">
	<img src="img/Rectangle562.png">
	<img src="img/Rectangle563.png">
	<img src="img/Rectangle564.png">
</div>
<div class="container">
<a href="#" style="width: 75px;"><div class="button123" ">See All</div></a>
</div>
</section>

<section class="sectionSeven crearfix">
	<div class="container" >
		<h3>Our Team Members</h3>
		<hr>
		<p>Nam liber tempor cum soluta nobis eleifend option congue nihil imperdiet doming id quod mazim </p>
		<div class="people crearfix">
			<div class="hoverSocial">
				<div class="peopleFace">
				    <div class="socialGroup">
					    <a href="#"><img src="img/faceSlayer/fb.png"></a>
					    <a href="#"><img src="img/faceSlayer/tw.png"></a>
					    <a href="#"><img src="img/faceSlayer/in.png"></a>
				    </div>
				</div>
			<div class="peopleDescription">
				<h6>Mitchell Anderson</h6>
				<h4>Creative Director</h4>
			</div>
			</div>
		<div class="hoverSocial">
					<div class="peopleFace">
						<div class="socialGroup">
						    <a href="#"><img src="img/faceSlayer/fb.png"></a>
						    <a href="#"><img src="img/faceSlayer/tw.png"></a>
						    <a href="#"><img src="img/faceSlayer/in.png"></a>
						</div>
					</div>
					<div class="peopleDescription">
				  		<h6>Mitchell Anderson</h6>
				  		<h4>Creative Director</h4>
				  	</div>
		</div>
		<div class="hoverSocial">
			<div class="peopleFace">
			    <div class="socialGroup">
				    <a href="#"><img src="img/faceSlayer/fb.png"></a>
				    <a href="#"><img src="img/faceSlayer/tw.png"></a>
				    <a href="#"><img src="img/faceSlayer/in.png"></a>
			    </div>
			</div>
			<div class="peopleDescription">
		    	<h6>Mitchell Anderson</h6>
		    	<h4>Creative Director</h4>
		    </div>
		</div>
	</div>
	</div>
</section>

<section class="sectionEight clearfix">
	<div class="container">
		<div class="slideshow-container">
				<h4>What Our Clients are saying</h4>
  		<div class="mySlides fade">
    	<div class="reviewsAll clearfix">
			<div class="reviews">
				<p>“It was a pleasure to work with Imran. He is very dedicated and professional. He worked very hard to satisfy our requirements and the communication was great.”</p>
				<h2>John Doe <br><br>
				<font>www.yourwebsite.zt</font></h2>
				</div>
			</div>
		</div>
  <div class="mySlides fade">
    	<div class="reviewsAll clearfix">
			<div class="reviews">
				<p>Lorem ipsum dolor sit amet, consectetur adipisicing elit. Perspiciatis quia quas, quis illo adipisci voluptate ex harum iste commodi nulla dolor.</p>
				<h2>Alex Drogba <br><br>
				<font>www.yourwebsite.zt</font></h2>
				</div>
			</div>
		</div>
</div>
  
  <div class="mySlides fade">
		<div class="reviewsAll clearfix">
			<div class="reviews">
				<p>Once upon a time all the Rivers combined to protest against the action of the Sea in making their waters salt. “When we come to you,” said they to the Sea.</p>
				<h2>Joe Hurt <br><br>
				<font>www.yourwebsite.zt</font></h2>
				</div>
			</div>
		</div>
  	</div>
  	 </div>
		<div style="text-align:center">
		  <span class="dot" onclick="currentSlide(1)"></span> 
		  <span class="dot" onclick="currentSlide(2)"></span> 
		  <span class="dot" onclick="currentSlide(3)"></span> 
		</div>
	</div>
	</div>
</section>

<section class="sectionNine clearfix">
	<div class="container">
	<h3>Our Blog</h3>
	<hr>
	<p class="nam">Nam liber tempor cum soluta nobis eleifend option congue nihil imperdiet doming id quod mazim </p>

		<div class="photocamera ">
		<div class="leftCamera">
		<div class="slideshow-container ">
  <!-- Full-width images with number and caption text -->
  <div class="mySlidesCircle fade">
    <img src="img/image.png">
  </div>
  <div class="mySlidesCircle fade">
    <img src="img/image1.png">
  </div>
  <div class="mySlidesCircle fade">
    <img src="img/image2.png">
  </div>
  <!-- Next and previous buttons -->
	  <a class="prev" onclick="plusSlidesCircle(-1)"><img src="img/fromleft.png"></a>
	  <a class="next" onclick="plusSlidesCircle(1)"><img src="img/fromright.png"></a>
	  <div class="bottomCircle">
	  <span class="dotCircle" onclick="currentSlideCircle(1)"></span> 
	  <span class="dotCircle" onclick="currentSlideCircle(2)"></span> 
	  <span class="dotCircle" onclick="currentSlideCircle(3)"></span> 
</div>
</div>
			<div class="textCamera clearfix ">
				<h5>20 March 2014</h5><div class="circle rightcircle "></div>
				<h1>Typi non habent claritatem insitam</h1>
				<p>Duis autem vel eum iriure dolor in hendrerit in vulputate velit esse molestie consequat, vel illum dolore eu feugiat nulla facilisis at vero eros et accumsan et iusto odio dignissim qui [...]</p>
			</div>
		<div class="slideshow-container">
  <!-- Full-width images with number and caption text -->
  <div class="mySlides1 fade">
    <img src="img/image.png">
  </div>

  <div class="mySlides1 fade">
    <img src="img/image1.png">
  </div>

  <div class="mySlides1 fade">
    <img src="img/image2.png">
  </div>
   <a class="prev" onclick="plusSlides1(-1)"><img src="img/fromleft.png"></a>
  <a class="next" onclick="plusSlides1(1)"><img src="img/fromright.png"></a>
<div class="bottomCircle">
  <span class="dotCircle1" onclick="currentSlideCircle1(1)"></span> 
  <span class="dotCircle1" onclick="currentSlideCircle1(2)"></span> 
  <span class="dotCircle1" onclick="currentSlideCircle1(3)"></span> 
</div>
  <!-- Next and previous buttons -->
 
</div>
		</div>
</div>
<div class="photocamera rightCamera rihgtcentrtext line">
		<div class="leftCamera">
			<div class="textCamera">
				<h5>20 March 2014</h5><div class="circle "></div>
				<h1>Typi non habent claritatem insitam</h1>
				<p>Duis autem vel eum iriure dolor in hendrerit in vulputate velit esse molestie consequat, vel illum dolore eu feugiat nulla facilisis at vero eros et accumsan et iusto odio dignissim qui [...]</p>
			</div>
		<div class="slideshow-container">
  <!-- Full-width images with number and caption text -->
  <div class="mySlides2 fade">
    <img src="img/image.png">
  </div>

  <div class="mySlides2 fade">
    <img src="img/image1.png">
  </div>

  <div class="mySlides2 fade">
    <img src="img/image2.png">
  </div>
<div class="bottomCircle">
  <span class="dotCircle2" onclick="currentSlideCircle2(1)"></span> 
  <span class="dotCircle2" onclick="currentSlideCircle2(2)"></span> 
  <span class="dotCircle2" onclick="currentSlideCircle2(3)"></span> 
</div>
  <!-- Next and previous buttons -->
  <a class="prev" onclick="plusSlides2(-1)"><img src="img/fromleft.png"></a>
  <a class="next" onclick="plusSlides2(1)"><img src="img/fromright.png"></a>
</div>
		</div>


		<div class="textCamera rihgtcentrtext1">
			<h5>20 March 2014</h5><div class="circle"></div>
			<h1>Typi non habent claritatem insitam</h1>
			<p>Duis autem vel eum iriure dolor in hendrerit in vulputate velit esse molestie consequat, vel illum dolore eu feugiat nulla facilisis at vero eros et accumsan et iusto odio dignissim qui [...]</p>
		</div>
	</div>
	<div class="btn-all-post clearfix">
	<a href="#"><img src="img/btn-all-post.png"></a>
	</div>
</div>
</div>
</section>

<section class="sectionTen">
	<div class="container">
	<h3>Contact</h3>
		<div class="FormsBlock">
			<form>
				<input required type="text" name="username" placeholder="Name*">
				<input required type="email" name="email"placeholder="Email*">
				<br>
				<textarea name="comment" placeholder="Message..."></textarea>
				<div class="SubmitClick">
					<input class="button" type="submit" name="submit" value="Submit" >
				</div>
			</form>
		</div>
	</div>
</section>

<section class="sectionEleven">
	<div class="container">
		<div class="blockFooter clearfix">
			<div class="blockFooterMini">
				<img src="img/Mairala.png">
				<p>Duis autem vel eum iriure dolor in hen-drerit in vulputate velit esse molestie consequat, vel illum dolore.
				<br><br>
				Eugiat nulla facilisis at vero eros et accumsan et iusto odio dignissim qui blandit praesent luptatum zzril delenit augue duis dolore te feugait nulla facilisi. Nam liber tempor cum soluta </p>
			</div>
			<div class="blockFooterMini">
				<div class="timeData">
					<h1>Recent Posts</h1>
					<h2>March 30, 2014<br><br><span>Duis autem vel eum iriure dolor</span></h2>
					<hr>
				</div>
				<div class="timeData">
					<h2>March 30, 2014<br><br><span>Duis autem vel eum iriure dolor</span></h2>
					<hr>
				</div>
				<div class="timeData">
					<h2>March 30, 2014<br><br><span>Duis autem vel eum iriure dolor</span></h2>
					<hr>
				</div>
			</div>
			<div class="blockFooterMini">
				<div class="timeData">
					<h1>Twiter Feeds</h1>	
					<h2>March 30, 2014<br><br><span>Duis autem vel eum iriure dolor</span></h2>
					<hr>
				</div>
				<div class="timeData">
					<h2>March 30, 2014<br><br><span>Duis autem vel eum iriure dolor</span></h2>
					<hr>
				</div>
				<div class="timeData">
					<h2>March 30, 2014<br><br><span>Duis autem vel eum iriure dolor</span></h2>
					<hr>
				</div>
			</div>
			<div class="blockFooterMini">
				<h1>Our Address</h1>
				<p>Investigationes demonstraverunt lectores legere me lius quod ii legunt saepius. Claritas est etiam processus dynamicus,luptatum zzril delenit augue duis dolore te feugait nulla facilisi. Nam liber tempor cum soluta 
				<br>
				<br>
				<br>
				<br>
				 Moonshine St. 14/05 Light, Jupiter<br>
				+00 (123) 456 78 90
				 first.last@email.com</p>
			</div>
		</div>
	</div>
</section>

<footer>
	<h4>©2014 Imran Khan All Rights Reserved</h4>
</footer>
<script src="js/js.js"></script>
<script src="js/slider.js"></script>
<script src="js/jquery-2.1.1.js"></script>
</body>
</html>
